// Jest Snapshot v1, https://goo.gl/fbAQLP

exports[`Welcome component from Home view Should render component 1`] = `
<div class="home">
  <h1 data-cy="home-title">This is the Home page</h1>
  <p data-cy="home-loged">You are logged.</p>
  <p data-cy="home-logout-info">
    You can log-out by pressing this button below
  </p> <button data-cy="log-out-button" class="secondarybtn">
    Log Out
  </button>
</div>
`;
